C:\Documents and Settings\Administrator\桌面\LCMailer\FlatEdit.cpp|C:\Documents and Settings\Administrator\桌面\LCMailer\Restore.1\~FlatEdit.~cpp
C:\Documents and Settings\Administrator\桌面\LCMailer\MailViewDlg.h|C:\Documents and Settings\Administrator\桌面\LCMailer\Restore.1\~MailViewDlg.~h
C:\Documents and Settings\Administrator\桌面\LCMailer\Base64.cpp|C:\Documents and Settings\Administrator\桌面\LCMailer\Restore.1\~Base64.~cpp
C:\Documents and Settings\Administrator\桌面\LCMailer\Attachment.cpp|C:\Documents and Settings\Administrator\桌面\LCMailer\Restore.1\~Attachment.~cpp
C:\Documents and Settings\Administrator\桌面\LCMailer\wsocket.h|C:\Documents and Settings\Administrator\桌面\LCMailer\Restore.1\~wsocket.~h
C:\Documents and Settings\Administrator\桌面\LCMailer\SendDlg.cpp|C:\Documents and Settings\Administrator\桌面\LCMailer\Restore.1\~SendDlg.~cpp
C:\Documents and Settings\Administrator\桌面\LCMailer\MailViewDlg.cpp|C:\Documents and Settings\Administrator\桌面\LCMailer\Restore.1\~MailViewDlg.~cpp
C:\Documents and Settings\Administrator\桌面\LCMailer\FlatEdit.h|C:\Documents and Settings\Administrator\桌面\LCMailer\Restore.1\~FlatEdit.~h
C:\Documents and Settings\Administrator\桌面\LCMailer\StarWarsCtrl.h|C:\Documents and Settings\Administrator\桌面\LCMailer\Restore.1\~StarWarsCtrl.~h
C:\Documents and Settings\Administrator\桌面\LCMailer\SendDlg.h|C:\Documents and Settings\Administrator\桌面\LCMailer\Restore.1\~SendDlg.~h
C:\Documents and Settings\Administrator\桌面\LCMailer\LCMailerDlg.cpp|C:\Documents and Settings\Administrator\桌面\LCMailer\Restore.1\~LCMailerDlg.~cpp
C:\Documents and Settings\Administrator\桌面\LCMailer\Attachment.h|C:\Documents and Settings\Administrator\桌面\LCMailer\Restore.1\~Attachment.~h
C:\Documents and Settings\Administrator\桌面\LCMailer\serversetup.h|C:\Documents and Settings\Administrator\桌面\LCMailer\Restore.1\~serversetup.~h
C:\Documents and Settings\Administrator\桌面\LCMailer\pop3.h|C:\Documents and Settings\Administrator\桌面\LCMailer\Restore.1\~pop3.~h
C:\Documents and Settings\Administrator\桌面\LCMailer\pop3.cpp|C:\Documents and Settings\Administrator\桌面\LCMailer\Restore.1\~pop3.~cpp
C:\Documents and Settings\Administrator\桌面\LCMailer\LCMailer.h|C:\Documents and Settings\Administrator\桌面\LCMailer\Restore.1\~LCMailer.~h
C:\Documents and Settings\Administrator\桌面\LCMailer\SMTP.H|C:\Documents and Settings\Administrator\桌面\LCMailer\Restore.1\~SMTP.~H
C:\Documents and Settings\Administrator\桌面\LCMailer\serversetup.cpp|C:\Documents and Settings\Administrator\桌面\LCMailer\Restore.1\~serversetup.~cpp
C:\Documents and Settings\Administrator\桌面\LCMailer\Pop3Dalog.cpp|C:\Documents and Settings\Administrator\桌面\LCMailer\Restore.1\~Pop3Dalog.~cpp
C:\Documents and Settings\Administrator\桌面\LCMailer\LCMailerDlg.h|C:\Documents and Settings\Administrator\桌面\LCMailer\Restore.1\~LCMailerDlg.~h
C:\Documents and Settings\Administrator\桌面\LCMailer\StarWarsCtrl.cpp|C:\Documents and Settings\Administrator\桌面\LCMailer\Restore.1\~StarWarsCtrl.~cpp
C:\Documents and Settings\Administrator\桌面\LCMailer\MacButtons.cpp|C:\Documents and Settings\Administrator\桌面\LCMailer\Restore.1\~MacButtons.~cpp
C:\Documents and Settings\Administrator\桌面\LCMailer\MacButtons.h|C:\Documents and Settings\Administrator\桌面\LCMailer\Restore.1\~MacButtons.~h
C:\Documents and Settings\Administrator\桌面\LCMailer\Wsocket.cpp|C:\Documents and Settings\Administrator\桌面\LCMailer\Restore.1\~Wsocket.~cpp
C:\Documents and Settings\Administrator\桌面\LCMailer\LCMailer.cpp|C:\Documents and Settings\Administrator\桌面\LCMailer\Restore.1\~LCMailer.~cpp
C:\Documents and Settings\Administrator\桌面\LCMailer\Pop3Dalog.h|C:\Documents and Settings\Administrator\桌面\LCMailer\Restore.1\~Pop3Dalog.~h
C:\Documents and Settings\Administrator\桌面\LCMailer\SMTP.CPP|C:\Documents and Settings\Administrator\桌面\LCMailer\Restore.1\~SMTP.~CPP
C:\Documents and Settings\Administrator\桌面\LCMailer\Base64.h|C:\Documents and Settings\Administrator\桌面\LCMailer\Restore.1\~Base64.~h
